// Jest Snapshot v1, https://goo.gl/fbAQLP

exports[`index should return the expected string 1`] = `
"import { readFile } from 'fs';
import { promisify } from 'util';

const readFileP = promisify(readFile);

/**
 * IMPORTANT NOTE
 * This is a dummy file that should be deleted in your forked project.
 * The file exists so the CI does not choke on the \`tsc\` compilation.
 */
export default async function (): Promise<string> {
  const data = await readFileP(__filename);
  return data.toString();
}
"
`;
